// Jest Snapshot v1, https://goo.gl/fbAQLP

exports[`<Header /> test utils should match snapshot 1`] = `
<DocumentFragment>
  <section
    class="makeStyles-header-1"
  >
    <img
      class="makeStyles-logo-2"
      src="/assets/images/logo.png"
    />
  </section>
</DocumentFragment>
`;
